// Jest Snapshot v1, https://goo.gl/fbAQLP

exports[`block offending rule 1`] = `
Array [
  Object {
    "column": 1,
    "line": 7,
    "ruleId": "lodash/import-scope",
    "severity": 2,
  },
  Object {
    "column": 10,
    "line": 7,
    "ruleId": "no-unused-vars",
    "severity": 2,
  },
  Object {
    "column": 3,
    "line": 13,
    "ruleId": "react/no-unused-prop-types",
    "severity": 1,
  },
  Object {
    "column": 3,
    "line": 20,
    "ruleId": "react/no-unused-prop-types",
    "severity": 1,
  },
  Object {
    "column": 16,
    "line": 24,
    "ruleId": "flowtype/require-parameter-type",
    "severity": 1,
  },
  Object {
    "column": 10,
    "line": 26,
    "ruleId": "react/react-in-jsx-scope",
    "severity": 2,
  },
  Object {
    "column": 7,
    "line": 32,
    "ruleId": "no-unused-vars",
    "severity": 2,
  },
  Object {
    "column": 10,
    "line": 36,
    "ruleId": "react/react-in-jsx-scope",
    "severity": 2,
  },
  Object {
    "column": 33,
    "line": 36,
    "ruleId": "react/prop-types",
    "severity": 1,
  },
  Object {
    "column": 21,
    "line": 41,
    "ruleId": "no-undef",
    "severity": 2,
  },
  Object {
    "column": 14,
    "line": 47,
    "ruleId": "flowtype/require-parameter-type",
    "severity": 1,
  },
  Object {
    "column": 20,
    "line": 47,
    "ruleId": "no-empty-function",
    "severity": 2,
  },
  Object {
    "column": 7,
    "line": 56,
    "ruleId": "react/react-in-jsx-scope",
    "severity": 2,
  },
  Object {
    "column": 1,
    "line": 64,
    "ruleId": "no-var",
    "severity": 2,
  },
  Object {
    "column": 5,
    "line": 68,
    "ruleId": "prefer-const",
    "severity": 1,
  },
  Object {
    "column": 3,
    "line": 71,
    "ruleId": "object-shorthand",
    "severity": 1,
  },
  Object {
    "column": 3,
    "line": 79,
    "ruleId": "func-names",
    "severity": 2,
  },
  Object {
    "column": 3,
    "line": 79,
    "ruleId": "prefer-arrow-callback",
    "severity": 2,
  },
  Object {
    "column": 12,
    "line": 81,
    "ruleId": "react/react-in-jsx-scope",
    "severity": 2,
  },
  Object {
    "column": 3,
    "line": 83,
    "ruleId": "flowtype/require-parameter-type",
    "severity": 1,
  },
  Object {
    "column": 10,
    "line": 89,
    "ruleId": "flowtype/require-parameter-type",
    "severity": 1,
  },
  Object {
    "column": 15,
    "line": 89,
    "ruleId": "flowtype/require-parameter-type",
    "severity": 1,
  },
  Object {
    "column": 1,
    "line": 98,
    "ruleId": "no-console",
    "severity": 1,
  },
  Object {
    "column": 10,
    "line": 100,
    "ruleId": "no-unused-vars",
    "severity": 2,
  },
  Object {
    "column": 14,
    "line": 100,
    "ruleId": "flowtype/require-parameter-type",
    "severity": 1,
  },
  Object {
    "column": 5,
    "line": 103,
    "ruleId": "react-hooks/rules-of-hooks",
    "severity": 2,
  },
  Object {
    "column": 35,
    "line": 107,
    "ruleId": "react-hooks/exhaustive-deps",
    "severity": 1,
  },
  Object {
    "column": 10,
    "line": 111,
    "ruleId": "no-unused-vars",
    "severity": 2,
  },
  Object {
    "column": 5,
    "line": 113,
    "ruleId": "react/react-in-jsx-scope",
    "severity": 2,
  },
  Object {
    "column": 7,
    "line": 114,
    "ruleId": "react/react-in-jsx-scope",
    "severity": 2,
  },
  Object {
    "column": 3,
    "line": 123,
    "ruleId": "react-native/no-unused-styles",
    "severity": 2,
  },
]
`;
